generated 24 presets
  experiments/sweep_turtle_AUDUSD/preset.json
  experiments/sweep_trend_AUDUSD/preset.json
  experiments/sweep_turtle_NZDUSD/preset.json
  experiments/sweep_trend_NZDUSD/preset.json
  experiments/sweep_turtle_USDCAD/preset.json
  experiments/sweep_trend_USDCAD/preset.json
  experiments/sweep_turtle_USDCHF/preset.json
  experiments/sweep_trend_USDCHF/preset.json
  experiments/sweep_turtle_USDJPY/preset.json
  experiments/sweep_trend_USDJPY/preset.json
  experiments/sweep_turtle_USDCNH/preset.json
  experiments/sweep_trend_USDCNH/preset.json
  experiments/sweep_turtle_USDSEK/preset.json
  experiments/sweep_trend_USDSEK/preset.json
  experiments/sweep_turtle_AMD/preset.json
  experiments/sweep_trend_AMD/preset.json
  experiments/sweep_turtle_INTC/preset.json
  experiments/sweep_trend_INTC/preset.json
  experiments/sweep_turtle_MSFT/preset.json
  experiments/sweep_trend_MSFT/preset.json
  experiments/sweep_turtle_NVDA/preset.json
  experiments/sweep_trend_NVDA/preset.json
  experiments/sweep_turtle_XAUUSD/preset.json
  experiments/sweep_trend_XAUUSD/preset.json
