[trend] 12 presets to run
=== RUN sweep_trend_AMD ===
=== run_candidate: sweep_trend_AMD (EA=CK_TREND_ATR_v1) ===
[1] Compiling CK_TREND_ATR_v1 ...
[compile] source : C:\Users\prita\CK_GFT_Repo\CK_TREND_ATR_v1.mq5
[compile] deploy : C:\Users\prita\AppData\Roaming\MetaQuotes\Terminal\D0E8209F77C8CF37AD8BF550E51FF075\MQL5\Experts\CK_TREND_ATR_v1.mq5
----- compile log -----
C:\Users\prita\AppData\Roaming\MetaQuotes\Terminal\D0E8209F77C8CF37AD8BF550E51FF075\MQL5\Experts\CK_TREND_ATR_v1.mq5 : information: compiling C:\Users\prita\AppData\Roaming\MetaQuotes\Terminal\D0E8209F77C8CF37AD8BF550E51FF075\MQL5\Experts\CK_TREND_ATR_v1.mq5
C:\Users\prita\AppData\Roaming\MetaQuotes\Terminal\D0E8209F77C8CF37AD8BF550E51FF075\MQL5\Experts\CK_TREND_ATR_v1.mq5 : information: including C:\Users\prita\AppData\Roaming\MetaQuotes\Terminal\D0E8209F77C8CF37AD8BF550E51FF075\MQL5\Include\Trade\Trade.mqh
C:\Users\prita\AppData\Roaming\MetaQuotes\Terminal\D0E8209F77C8CF37AD8BF550E51FF075\MQL5\Include\Trade\Trade.mqh : information: including C:\Users\prita\AppData\Roaming\MetaQuotes\Terminal\D0E8209F77C8CF37AD8BF550E51FF075\MQL5\Include\Object.mqh
C:\Users\prita\AppData\Roaming\MetaQuotes\Terminal\D0E8209F77C8CF37AD8BF550E51FF075\MQL5\Include\Object.mqh : information: including C:\Users\prita\AppData\Roaming\MetaQuotes\Terminal\D0E8209F77C8CF37AD8BF550E51FF075\MQL5\Include\StdLibErr.mqh
C:\Users\prita\AppData\Roaming\MetaQuotes\Terminal\D0E8209F77C8CF37AD8BF550E51FF075\MQL5\Include\Trade\Trade.mqh : information: including C:\Users\prita\AppData\Roaming\MetaQuotes\Terminal\D0E8209F77C8CF37AD8BF550E51FF075\MQL5\Include\Trade\OrderInfo.mqh
C:\Users\prita\AppData\Roaming\MetaQuotes\Terminal\D0E8209F77C8CF37AD8BF550E51FF075\MQL5\Include\Trade\Trade.mqh : information: including C:\Users\prita\AppData\Roaming\MetaQuotes\Terminal\D0E8209F77C8CF37AD8BF550E51FF075\MQL5\Include\Trade\HistoryOrderInfo.mqh
C:\Users\prita\AppData\Roaming\MetaQuotes\Terminal\D0E8209F77C8CF37AD8BF550E51FF075\MQL5\Include\Trade\Trade.mqh : information: including C:\Users\prita\AppData\Roaming\MetaQuotes\Terminal\D0E8209F77C8CF37AD8BF550E51FF075\MQL5\Include\Trade\PositionInfo.mqh
C:\Users\prita\AppData\Roaming\MetaQuotes\Terminal\D0E8209F77C8CF37AD8BF550E51FF075\MQL5\Include\Trade\Trade.mqh : information: including C:\Users\prita\AppData\Roaming\MetaQuotes\Terminal\D0E8209F77C8CF37AD8BF550E51FF075\MQL5\Include\Trade\DealInfo.mqh
 : information: generating code
 : information: generating code 3%
 : information: generating code 6%
 : information: generating code 9%
 : information: generating code 12%
 : information: generating code 15%
 : information: generating code 18%
 : information: generating code 21%
 : information: generating code 24%
 : information: generating code 27%
 : information: generating code 30%
 : information: generating code 33%
 : information: generating code 36%
 : information: generating code 39%
 : information: generating code 42%
 : information: generating code 45%
 : information: generating code 48%
 : information: generating code 51%
 : information: generating code 54%
 : information: generating code 57%
 : information: generating code 60%
 : information: generating code 63%
 : information: generating code 66%
 : information: generating code 69%
 : information: generating code 72%
 : information: generating code 75%
 : information: generating code 78%
 : information: generating code 81%
 : information: generating code 84%
 : information: generating code 87%
 : information: generating code 90%
 : information: generating code 93%
 : information: generating code 95%
 : information: generating code 100%
 : information: code generated
Result: 0 errors, 0 warnings, 613 ms elapsed, cpu='X64 Regular'
-----------------------
[compile] OK (warnings=0) -> C:\Users\prita\AppData\Roaming\MetaQuotes\Terminal\D0E8209F77C8CF37AD8BF550E51FF075\MQL5\Experts\CK_TREND_ATR_v1.ex5
[2] Window 'IS_build' (2025.08.28 to 2026.03.01)
[make_ini] window 'IS_build' -> C:\Users\prita\CK_GFT_Repo\experiments\sweep_trend_AMD\windows\IS_build\IS_build.ini (pinned 11 inputs)
    launching MT5 tester (real ticks; first run may download ticks)...
    WARNING: OnTester CSV not produced for 'IS_build'
    note: no fresh tester log found for this run (stale logs skipped)
    window 'IS_build': csv=False trades=0 report=False
[2] Window 'OOS_build' (2026.03.01 to 2026.07.01)
[make_ini] window 'OOS_build' -> C:\Users\prita\CK_GFT_Repo\experiments\sweep_trend_AMD\windows\OOS_build\OOS_build.ini (pinned 11 inputs)
    launching MT5 tester (real ticks; first run may download ticks)...
    WARNING: OnTester CSV not produced for 'OOS_build'
    note: no fresh tester log found for this run (stale logs skipped)
    window 'OOS_build': csv=False trades=0 report=False
[2] Window 'holdout' (2026.07.01 to 2026.08.28)
[make_ini] window 'holdout' -> C:\Users\prita\CK_GFT_Repo\experiments\sweep_trend_AMD\windows\holdout\holdout.ini (pinned 11 inputs)
    launching MT5 tester (real ticks; first run may download ticks)...
    WARNING: OnTester CSV not produced for 'holdout'
    note: no fresh tester log found for this run (stale logs skipped)
    window 'holdout': csv=False trades=0 report=False

[done] report -> C:\Users\prita\CK_GFT_Repo\experiments\sweep_trend_AMD\report.md
=== RUN sweep_trend_AUDUSD ===
=== run_candidate: sweep_trend_AUDUSD (EA=CK_TREND_ATR_v1) ===
[1] Compiling CK_TREND_ATR_v1 ...
[compile] source : C:\Users\prita\CK_GFT_Repo\CK_TREND_ATR_v1.mq5
[compile] deploy : C:\Users\prita\AppData\Roaming\MetaQuotes\Terminal\D0E8209F77C8CF37AD8BF550E51FF075\MQL5\Experts\CK_TREND_ATR_v1.mq5
----- compile log -----
C:\Users\prita\AppData\Roaming\MetaQuotes\Terminal\D0E8209F77C8CF37AD8BF550E51FF075\MQL5\Experts\CK_TREND_ATR_v1.mq5 : information: compiling C:\Users\prita\AppData\Roaming\MetaQuotes\Terminal\D0E8209F77C8CF37AD8BF550E51FF075\MQL5\Experts\CK_TREND_ATR_v1.mq5
C:\Users\prita\AppData\Roaming\MetaQuotes\Terminal\D0E8209F77C8CF37AD8BF550E51FF075\MQL5\Experts\CK_TREND_ATR_v1.mq5 : information: including C:\Users\prita\AppData\Roaming\MetaQuotes\Terminal\D0E8209F77C8CF37AD8BF550E51FF075\MQL5\Include\Trade\Trade.mqh
C:\Users\prita\AppData\Roaming\MetaQuotes\Terminal\D0E8209F77C8CF37AD8BF550E51FF075\MQL5\Include\Trade\Trade.mqh : information: including C:\Users\prita\AppData\Roaming\MetaQuotes\Terminal\D0E8209F77C8CF37AD8BF550E51FF075\MQL5\Include\Object.mqh
C:\Users\prita\AppData\Roaming\MetaQuotes\Terminal\D0E8209F77C8CF37AD8BF550E51FF075\MQL5\Include\Object.mqh : information: including C:\Users\prita\AppData\Roaming\MetaQuotes\Terminal\D0E8209F77C8CF37AD8BF550E51FF075\MQL5\Include\StdLibErr.mqh
C:\Users\prita\AppData\Roaming\MetaQuotes\Terminal\D0E8209F77C8CF37AD8BF550E51FF075\MQL5\Include\Trade\Trade.mqh : information: including C:\Users\prita\AppData\Roaming\MetaQuotes\Terminal\D0E8209F77C8CF37AD8BF550E51FF075\MQL5\Include\Trade\OrderInfo.mqh
C:\Users\prita\AppData\Roaming\MetaQuotes\Terminal\D0E8209F77C8CF37AD8BF550E51FF075\MQL5\Include\Trade\Trade.mqh : information: including C:\Users\prita\AppData\Roaming\MetaQuotes\Terminal\D0E8209F77C8CF37AD8BF550E51FF075\MQL5\Include\Trade\HistoryOrderInfo.mqh
C:\Users\prita\AppData\Roaming\MetaQuotes\Terminal\D0E8209F77C8CF37AD8BF550E51FF075\MQL5\Include\Trade\Trade.mqh : information: including C:\Users\prita\AppData\Roaming\MetaQuotes\Terminal\D0E8209F77C8CF37AD8BF550E51FF075\MQL5\Include\Trade\PositionInfo.mqh
C:\Users\prita\AppData\Roaming\MetaQuotes\Terminal\D0E8209F77C8CF37AD8BF550E51FF075\MQL5\Include\Trade\Trade.mqh : information: including C:\Users\prita\AppData\Roaming\MetaQuotes\Terminal\D0E8209F77C8CF37AD8BF550E51FF075\MQL5\Include\Trade\DealInfo.mqh
 : information: generating code
 : information: generating code 3%
 : information: generating code 6%
 : information: generating code 9%
 : information: generating code 12%
 : information: generating code 15%
 : information: generating code 18%
 : information: generating code 21%
 : information: generating code 24%
 : information: generating code 27%
 : information: generating code 30%
 : information: generating code 33%
 : information: generating code 36%
 : information: generating code 39%
 : information: generating code 42%
 : information: generating code 45%
 : information: generating code 48%
 : information: generating code 51%
 : information: generating code 54%
 : information: generating code 57%
 : information: generating code 60%
 : information: generating code 63%
 : information: generating code 66%
 : information: generating code 69%
 : information: generating code 72%
 : information: generating code 75%
 : information: generating code 78%
 : information: generating code 81%
 : information: generating code 84%
 : information: generating code 87%
 : information: generating code 90%
 : information: generating code 93%
 : information: generating code 95%
 : information: generating code 100%
 : information: code generated
Result: 0 errors, 0 warnings, 574 ms elapsed, cpu='X64 Regular'
-----------------------
[compile] OK (warnings=0) -> C:\Users\prita\AppData\Roaming\MetaQuotes\Terminal\D0E8209F77C8CF37AD8BF550E51FF075\MQL5\Experts\CK_TREND_ATR_v1.ex5
[2] Window 'IS_build' (2025.08.28 to 2026.03.01)
[make_ini] window 'IS_build' -> C:\Users\prita\CK_GFT_Repo\experiments\sweep_trend_AUDUSD\windows\IS_build\IS_build.ini (pinned 11 inputs)
    launching MT5 tester (real ticks; first run may download ticks)...
    WARNING: OnTester CSV not produced for 'IS_build'
    note: no fresh tester log found for this run (stale logs skipped)
    window 'IS_build': csv=False trades=0 report=False
[2] Window 'OOS_build' (2026.03.01 to 2026.07.01)
[make_ini] window 'OOS_build' -> C:\Users\prita\CK_GFT_Repo\experiments\sweep_trend_AUDUSD\windows\OOS_build\OOS_build.ini (pinned 11 inputs)
    launching MT5 tester (real ticks; first run may download ticks)...
    WARNING: OnTester CSV not produced for 'OOS_build'
    note: no fresh tester log found for this run (stale logs skipped)
    window 'OOS_build': csv=False trades=0 report=False
[2] Window 'holdout' (2026.07.01 to 2026.08.28)
[make_ini] window 'holdout' -> C:\Users\prita\CK_GFT_Repo\experiments\sweep_trend_AUDUSD\windows\holdout\holdout.ini (pinned 11 inputs)
    launching MT5 tester (real ticks; first run may download ticks)...
    WARNING: OnTester CSV not produced for 'holdout'
    window 'holdout': csv=False trades=0 report=False

[done] report -> C:\Users\prita\CK_GFT_Repo\experiments\sweep_trend_AUDUSD\report.md
=== RUN sweep_trend_INTC ===
=== run_candidate: sweep_trend_INTC (EA=CK_TREND_ATR_v1) ===
[1] Compiling CK_TREND_ATR_v1 ...
[compile] source : C:\Users\prita\CK_GFT_Repo\CK_TREND_ATR_v1.mq5
[compile] deploy : C:\Users\prita\AppData\Roaming\MetaQuotes\Terminal\D0E8209F77C8CF37AD8BF550E51FF075\MQL5\Experts\CK_TREND_ATR_v1.mq5
----- compile log -----
C:\Users\prita\AppData\Roaming\MetaQuotes\Terminal\D0E8209F77C8CF37AD8BF550E51FF075\MQL5\Experts\CK_TREND_ATR_v1.mq5 : information: compiling C:\Users\prita\AppData\Roaming\MetaQuotes\Terminal\D0E8209F77C8CF37AD8BF550E51FF075\MQL5\Experts\CK_TREND_ATR_v1.mq5
C:\Users\prita\AppData\Roaming\MetaQuotes\Terminal\D0E8209F77C8CF37AD8BF550E51FF075\MQL5\Experts\CK_TREND_ATR_v1.mq5 : information: including C:\Users\prita\AppData\Roaming\MetaQuotes\Terminal\D0E8209F77C8CF37AD8BF550E51FF075\MQL5\Include\Trade\Trade.mqh
C:\Users\prita\AppData\Roaming\MetaQuotes\Terminal\D0E8209F77C8CF37AD8BF550E51FF075\MQL5\Include\Trade\Trade.mqh : information: including C:\Users\prita\AppData\Roaming\MetaQuotes\Terminal\D0E8209F77C8CF37AD8BF550E51FF075\MQL5\Include\Object.mqh
C:\Users\prita\AppData\Roaming\MetaQuotes\Terminal\D0E8209F77C8CF37AD8BF550E51FF075\MQL5\Include\Object.mqh : information: including C:\Users\prita\AppData\Roaming\MetaQuotes\Terminal\D0E8209F77C8CF37AD8BF550E51FF075\MQL5\Include\StdLibErr.mqh
C:\Users\prita\AppData\Roaming\MetaQuotes\Terminal\D0E8209F77C8CF37AD8BF550E51FF075\MQL5\Include\Trade\Trade.mqh : information: including C:\Users\prita\AppData\Roaming\MetaQuotes\Terminal\D0E8209F77C8CF37AD8BF550E51FF075\MQL5\Include\Trade\OrderInfo.mqh
C:\Users\prita\AppData\Roaming\MetaQuotes\Terminal\D0E8209F77C8CF37AD8BF550E51FF075\MQL5\Include\Trade\Trade.mqh : information: including C:\Users\prita\AppData\Roaming\MetaQuotes\Terminal\D0E8209F77C8CF37AD8BF550E51FF075\MQL5\Include\Trade\HistoryOrderInfo.mqh
C:\Users\prita\AppData\Roaming\MetaQuotes\Terminal\D0E8209F77C8CF37AD8BF550E51FF075\MQL5\Include\Trade\Trade.mqh : information: including C:\Users\prita\AppData\Roaming\MetaQuotes\Terminal\D0E8209F77C8CF37AD8BF550E51FF075\MQL5\Include\Trade\PositionInfo.mqh
C:\Users\prita\AppData\Roaming\MetaQuotes\Terminal\D0E8209F77C8CF37AD8BF550E51FF075\MQL5\Include\Trade\Trade.mqh : information: including C:\Users\prita\AppData\Roaming\MetaQuotes\Terminal\D0E8209F77C8CF37AD8BF550E51FF075\MQL5\Include\Trade\DealInfo.mqh
 : information: generating code
 : information: generating code 3%
 : information: generating code 6%
 : information: generating code 9%
 : information: generating code 12%
 : information: generating code 15%
 : information: generating code 18%
 : information: generating code 21%
 : information: generating code 24%
 : information: generating code 27%
 : information: generating code 30%
 : information: generating code 33%
 : information: generating code 36%
 : information: generating code 39%
 : information: generating code 42%
 : information: generating code 45%
 : information: generating code 48%
 : information: generating code 51%
 : information: generating code 54%
 : information: generating code 57%
 : information: generating code 60%
 : information: generating code 63%
 : information: generating code 66%
 : information: generating code 69%
 : information: generating code 72%
 : information: generating code 75%
 : information: generating code 78%
 : information: generating code 81%
 : information: generating code 84%
 : information: generating code 87%
 : information: generating code 90%
 : information: generating code 93%
 : information: generating code 95%
 : information: generating code 100%
 : information: code generated
Result: 0 errors, 0 warnings, 548 ms elapsed, cpu='X64 Regular'
-----------------------
[compile] OK (warnings=0) -> C:\Users\prita\AppData\Roaming\MetaQuotes\Terminal\D0E8209F77C8CF37AD8BF550E51FF075\MQL5\Experts\CK_TREND_ATR_v1.ex5
[2] Window 'IS_build' (2025.08.28 to 2026.03.01)
[make_ini] window 'IS_build' -> C:\Users\prita\CK_GFT_Repo\experiments\sweep_trend_INTC\windows\IS_build\IS_build.ini (pinned 11 inputs)
    launching MT5 tester (real ticks; first run may download ticks)...
    WARNING: OnTester CSV not produced for 'IS_build'
    note: no fresh tester log found for this run (stale logs skipped)
    window 'IS_build': csv=False trades=0 report=False
[2] Window 'OOS_build' (2026.03.01 to 2026.07.01)
[make_ini] window 'OOS_build' -> C:\Users\prita\CK_GFT_Repo\experiments\sweep_trend_INTC\windows\OOS_build\OOS_build.ini (pinned 11 inputs)
    launching MT5 tester (real ticks; first run may download ticks)...
    WARNING: OnTester CSV not produced for 'OOS_build'
    note: no fresh tester log found for this run (stale logs skipped)
    window 'OOS_build': csv=False trades=0 report=False
[2] Window 'holdout' (2026.07.01 to 2026.08.28)
[make_ini] window 'holdout' -> C:\Users\prita\CK_GFT_Repo\experiments\sweep_trend_INTC\windows\holdout\holdout.ini (pinned 11 inputs)
    launching MT5 tester (real ticks; first run may download ticks)...
    WARNING: OnTester CSV not produced for 'holdout'
    note: no fresh tester log found for this run (stale logs skipped)
    window 'holdout': csv=False trades=0 report=False

[done] report -> C:\Users\prita\CK_GFT_Repo\experiments\sweep_trend_INTC\report.md
=== RUN sweep_trend_MSFT ===
=== run_candidate: sweep_trend_MSFT (EA=CK_TREND_ATR_v1) ===
[1] Compiling CK_TREND_ATR_v1 ...
[compile] source : C:\Users\prita\CK_GFT_Repo\CK_TREND_ATR_v1.mq5
[compile] deploy : C:\Users\prita\AppData\Roaming\MetaQuotes\Terminal\D0E8209F77C8CF37AD8BF550E51FF075\MQL5\Experts\CK_TREND_ATR_v1.mq5
----- compile log -----
C:\Users\prita\AppData\Roaming\MetaQuotes\Terminal\D0E8209F77C8CF37AD8BF550E51FF075\MQL5\Experts\CK_TREND_ATR_v1.mq5 : information: compiling C:\Users\prita\AppData\Roaming\MetaQuotes\Terminal\D0E8209F77C8CF37AD8BF550E51FF075\MQL5\Experts\CK_TREND_ATR_v1.mq5
C:\Users\prita\AppData\Roaming\MetaQuotes\Terminal\D0E8209F77C8CF37AD8BF550E51FF075\MQL5\Experts\CK_TREND_ATR_v1.mq5 : information: including C:\Users\prita\AppData\Roaming\MetaQuotes\Terminal\D0E8209F77C8CF37AD8BF550E51FF075\MQL5\Include\Trade\Trade.mqh
C:\Users\prita\AppData\Roaming\MetaQuotes\Terminal\D0E8209F77C8CF37AD8BF550E51FF075\MQL5\Include\Trade\Trade.mqh : information: including C:\Users\prita\AppData\Roaming\MetaQuotes\Terminal\D0E8209F77C8CF37AD8BF550E51FF075\MQL5\Include\Object.mqh
C:\Users\prita\AppData\Roaming\MetaQuotes\Terminal\D0E8209F77C8CF37AD8BF550E51FF075\MQL5\Include\Object.mqh : information: including C:\Users\prita\AppData\Roaming\MetaQuotes\Terminal\D0E8209F77C8CF37AD8BF550E51FF075\MQL5\Include\StdLibErr.mqh
C:\Users\prita\AppData\Roaming\MetaQuotes\Terminal\D0E8209F77C8CF37AD8BF550E51FF075\MQL5\Include\Trade\Trade.mqh : information: including C:\Users\prita\AppData\Roaming\MetaQuotes\Terminal\D0E8209F77C8CF37AD8BF550E51FF075\MQL5\Include\Trade\OrderInfo.mqh
C:\Users\prita\AppData\Roaming\MetaQuotes\Terminal\D0E8209F77C8CF37AD8BF550E51FF075\MQL5\Include\Trade\Trade.mqh : information: including C:\Users\prita\AppData\Roaming\MetaQuotes\Terminal\D0E8209F77C8CF37AD8BF550E51FF075\MQL5\Include\Trade\HistoryOrderInfo.mqh
C:\Users\prita\AppData\Roaming\MetaQuotes\Terminal\D0E8209F77C8CF37AD8BF550E51FF075\MQL5\Include\Trade\Trade.mqh : information: including C:\Users\prita\AppData\Roaming\MetaQuotes\Terminal\D0E8209F77C8CF37AD8BF550E51FF075\MQL5\Include\Trade\PositionInfo.mqh
C:\Users\prita\AppData\Roaming\MetaQuotes\Terminal\D0E8209F77C8CF37AD8BF550E51FF075\MQL5\Include\Trade\Trade.mqh : information: including C:\Users\prita\AppData\Roaming\MetaQuotes\Terminal\D0E8209F77C8CF37AD8BF550E51FF075\MQL5\Include\Trade\DealInfo.mqh
 : information: generating code
 : information: generating code 3%
 : information: generating code 6%
 : information: generating code 9%
 : information: generating code 12%
 : information: generating code 15%
 : information: generating code 18%
 : information: generating code 21%
 : information: generating code 24%
 : information: generating code 27%
 : information: generating code 30%
 : information: generating code 33%
 : information: generating code 36%
 : information: generating code 39%
 : information: generating code 42%
 : information: generating code 45%
 : information: generating code 48%
 : information: generating code 51%
 : information: generating code 54%
 : information: generating code 57%
 : information: generating code 60%
 : information: generating code 63%
 : information: generating code 66%
 : information: generating code 69%
 : information: generating code 72%
 : information: generating code 75%
 : information: generating code 78%
 : information: generating code 81%
 : information: generating code 84%
 : information: generating code 87%
 : information: generating code 90%
 : information: generating code 93%
 : information: generating code 95%
 : information: generating code 100%
 : information: code generated
Result: 0 errors, 0 warnings, 533 ms elapsed, cpu='X64 Regular'
-----------------------
[compile] OK (warnings=0) -> C:\Users\prita\AppData\Roaming\MetaQuotes\Terminal\D0E8209F77C8CF37AD8BF550E51FF075\MQL5\Experts\CK_TREND_ATR_v1.ex5
[2] Window 'IS_build' (2025.08.28 to 2026.03.01)
[make_ini] window 'IS_build' -> C:\Users\prita\CK_GFT_Repo\experiments\sweep_trend_MSFT\windows\IS_build\IS_build.ini (pinned 11 inputs)
    launching MT5 tester (real ticks; first run may download ticks)...
    WARNING: OnTester CSV not produced for 'IS_build'
    note: no fresh tester log found for this run (stale logs skipped)
    window 'IS_build': csv=False trades=0 report=False
[2] Window 'OOS_build' (2026.03.01 to 2026.07.01)
[make_ini] window 'OOS_build' -> C:\Users\prita\CK_GFT_Repo\experiments\sweep_trend_MSFT\windows\OOS_build\OOS_build.ini (pinned 11 inputs)
    launching MT5 tester (real ticks; first run may download ticks)...
    WARNING: OnTester CSV not produced for 'OOS_build'
    note: no fresh tester log found for this run (stale logs skipped)
    window 'OOS_build': csv=False trades=0 report=False
[2] Window 'holdout' (2026.07.01 to 2026.08.28)
[make_ini] window 'holdout' -> C:\Users\prita\CK_GFT_Repo\experiments\sweep_trend_MSFT\windows\holdout\holdout.ini (pinned 11 inputs)
    launching MT5 tester (real ticks; first run may download ticks)...
    WARNING: OnTester CSV not produced for 'holdout'
    note: no fresh tester log found for this run (stale logs skipped)
    window 'holdout': csv=False trades=0 report=False

[done] report -> C:\Users\prita\CK_GFT_Repo\experiments\sweep_trend_MSFT\report.md
=== RUN sweep_trend_NVDA ===
=== run_candidate: sweep_trend_NVDA (EA=CK_TREND_ATR_v1) ===
[1] Compiling CK_TREND_ATR_v1 ...
[compile] source : C:\Users\prita\CK_GFT_Repo\CK_TREND_ATR_v1.mq5
[compile] deploy : C:\Users\prita\AppData\Roaming\MetaQuotes\Terminal\D0E8209F77C8CF37AD8BF550E51FF075\MQL5\Experts\CK_TREND_ATR_v1.mq5
----- compile log -----
C:\Users\prita\AppData\Roaming\MetaQuotes\Terminal\D0E8209F77C8CF37AD8BF550E51FF075\MQL5\Experts\CK_TREND_ATR_v1.mq5 : information: compiling C:\Users\prita\AppData\Roaming\MetaQuotes\Terminal\D0E8209F77C8CF37AD8BF550E51FF075\MQL5\Experts\CK_TREND_ATR_v1.mq5
C:\Users\prita\AppData\Roaming\MetaQuotes\Terminal\D0E8209F77C8CF37AD8BF550E51FF075\MQL5\Experts\CK_TREND_ATR_v1.mq5 : information: including C:\Users\prita\AppData\Roaming\MetaQuotes\Terminal\D0E8209F77C8CF37AD8BF550E51FF075\MQL5\Include\Trade\Trade.mqh
C:\Users\prita\AppData\Roaming\MetaQuotes\Terminal\D0E8209F77C8CF37AD8BF550E51FF075\MQL5\Include\Trade\Trade.mqh : information: including C:\Users\prita\AppData\Roaming\MetaQuotes\Terminal\D0E8209F77C8CF37AD8BF550E51FF075\MQL5\Include\Object.mqh
C:\Users\prita\AppData\Roaming\MetaQuotes\Terminal\D0E8209F77C8CF37AD8BF550E51FF075\MQL5\Include\Object.mqh : information: including C:\Users\prita\AppData\Roaming\MetaQuotes\Terminal\D0E8209F77C8CF37AD8BF550E51FF075\MQL5\Include\StdLibErr.mqh
C:\Users\prita\AppData\Roaming\MetaQuotes\Terminal\D0E8209F77C8CF37AD8BF550E51FF075\MQL5\Include\Trade\Trade.mqh : information: including C:\Users\prita\AppData\Roaming\MetaQuotes\Terminal\D0E8209F77C8CF37AD8BF550E51FF075\MQL5\Include\Trade\OrderInfo.mqh
C:\Users\prita\AppData\Roaming\MetaQuotes\Terminal\D0E8209F77C8CF37AD8BF550E51FF075\MQL5\Include\Trade\Trade.mqh : information: including C:\Users\prita\AppData\Roaming\MetaQuotes\Terminal\D0E8209F77C8CF37AD8BF550E51FF075\MQL5\Include\Trade\HistoryOrderInfo.mqh
C:\Users\prita\AppData\Roaming\MetaQuotes\Terminal\D0E8209F77C8CF37AD8BF550E51FF075\MQL5\Include\Trade\Trade.mqh : information: including C:\Users\prita\AppData\Roaming\MetaQuotes\Terminal\D0E8209F77C8CF37AD8BF550E51FF075\MQL5\Include\Trade\PositionInfo.mqh
C:\Users\prita\AppData\Roaming\MetaQuotes\Terminal\D0E8209F77C8CF37AD8BF550E51FF075\MQL5\Include\Trade\Trade.mqh : information: including C:\Users\prita\AppData\Roaming\MetaQuotes\Terminal\D0E8209F77C8CF37AD8BF550E51FF075\MQL5\Include\Trade\DealInfo.mqh
 : information: generating code
 : information: generating code 3%
 : information: generating code 6%
 : information: generating code 9%
 : information: generating code 12%
 : information: generating code 15%
 : information: generating code 18%
 : information: generating code 21%
 : information: generating code 24%
 : information: generating code 27%
 : information: generating code 30%
 : information: generating code 33%
 : information: generating code 36%
 : information: generating code 39%
 : information: generating code 42%
 : information: generating code 45%
 : information: generating code 48%
 : information: generating code 51%
 : information: generating code 54%
 : information: generating code 57%
 : information: generating code 60%
 : information: generating code 63%
 : information: generating code 66%
 : information: generating code 69%
 : information: generating code 72%
 : information: generating code 75%
 : information: generating code 78%
 : information: generating code 81%
 : information: generating code 84%
 : information: generating code 87%
 : information: generating code 90%
 : information: generating code 93%
 : information: generating code 95%
 : information: generating code 100%
 : information: code generated
Result: 0 errors, 0 warnings, 568 ms elapsed, cpu='X64 Regular'
-----------------------
[compile] OK (warnings=0) -> C:\Users\prita\AppData\Roaming\MetaQuotes\Terminal\D0E8209F77C8CF37AD8BF550E51FF075\MQL5\Experts\CK_TREND_ATR_v1.ex5
[2] Window 'IS_build' (2025.08.28 to 2026.03.01)
[make_ini] window 'IS_build' -> C:\Users\prita\CK_GFT_Repo\experiments\sweep_trend_NVDA\windows\IS_build\IS_build.ini (pinned 11 inputs)
    launching MT5 tester (real ticks; first run may download ticks)...
    WARNING: OnTester CSV not produced for 'IS_build'
    note: no fresh tester log found for this run (stale logs skipped)
    window 'IS_build': csv=False trades=0 report=False
[2] Window 'OOS_build' (2026.03.01 to 2026.07.01)
[make_ini] window 'OOS_build' -> C:\Users\prita\CK_GFT_Repo\experiments\sweep_trend_NVDA\windows\OOS_build\OOS_build.ini (pinned 11 inputs)
    launching MT5 tester (real ticks; first run may download ticks)...
    WARNING: OnTester CSV not produced for 'OOS_build'
    note: no fresh tester log found for this run (stale logs skipped)
    window 'OOS_build': csv=False trades=0 report=False
[2] Window 'holdout' (2026.07.01 to 2026.08.28)
[make_ini] window 'holdout' -> C:\Users\prita\CK_GFT_Repo\experiments\sweep_trend_NVDA\windows\holdout\holdout.ini (pinned 11 inputs)
    launching MT5 tester (real ticks; first run may download ticks)...
    WARNING: OnTester CSV not produced for 'holdout'
    note: no fresh tester log found for this run (stale logs skipped)
    window 'holdout': csv=False trades=0 report=False

[done] report -> C:\Users\prita\CK_GFT_Repo\experiments\sweep_trend_NVDA\report.md
=== RUN sweep_trend_NZDUSD ===
=== run_candidate: sweep_trend_NZDUSD (EA=CK_TREND_ATR_v1) ===
[1] Compiling CK_TREND_ATR_v1 ...
[compile] source : C:\Users\prita\CK_GFT_Repo\CK_TREND_ATR_v1.mq5
[compile] deploy : C:\Users\prita\AppData\Roaming\MetaQuotes\Terminal\D0E8209F77C8CF37AD8BF550E51FF075\MQL5\Experts\CK_TREND_ATR_v1.mq5
----- compile log -----
C:\Users\prita\AppData\Roaming\MetaQuotes\Terminal\D0E8209F77C8CF37AD8BF550E51FF075\MQL5\Experts\CK_TREND_ATR_v1.mq5 : information: compiling C:\Users\prita\AppData\Roaming\MetaQuotes\Terminal\D0E8209F77C8CF37AD8BF550E51FF075\MQL5\Experts\CK_TREND_ATR_v1.mq5
C:\Users\prita\AppData\Roaming\MetaQuotes\Terminal\D0E8209F77C8CF37AD8BF550E51FF075\MQL5\Experts\CK_TREND_ATR_v1.mq5 : information: including C:\Users\prita\AppData\Roaming\MetaQuotes\Terminal\D0E8209F77C8CF37AD8BF550E51FF075\MQL5\Include\Trade\Trade.mqh
C:\Users\prita\AppData\Roaming\MetaQuotes\Terminal\D0E8209F77C8CF37AD8BF550E51FF075\MQL5\Include\Trade\Trade.mqh : information: including C:\Users\prita\AppData\Roaming\MetaQuotes\Terminal\D0E8209F77C8CF37AD8BF550E51FF075\MQL5\Include\Object.mqh
C:\Users\prita\AppData\Roaming\MetaQuotes\Terminal\D0E8209F77C8CF37AD8BF550E51FF075\MQL5\Include\Object.mqh : information: including C:\Users\prita\AppData\Roaming\MetaQuotes\Terminal\D0E8209F77C8CF37AD8BF550E51FF075\MQL5\Include\StdLibErr.mqh
C:\Users\prita\AppData\Roaming\MetaQuotes\Terminal\D0E8209F77C8CF37AD8BF550E51FF075\MQL5\Include\Trade\Trade.mqh : information: including C:\Users\prita\AppData\Roaming\MetaQuotes\Terminal\D0E8209F77C8CF37AD8BF550E51FF075\MQL5\Include\Trade\OrderInfo.mqh
C:\Users\prita\AppData\Roaming\MetaQuotes\Terminal\D0E8209F77C8CF37AD8BF550E51FF075\MQL5\Include\Trade\Trade.mqh : information: including C:\Users\prita\AppData\Roaming\MetaQuotes\Terminal\D0E8209F77C8CF37AD8BF550E51FF075\MQL5\Include\Trade\HistoryOrderInfo.mqh
C:\Users\prita\AppData\Roaming\MetaQuotes\Terminal\D0E8209F77C8CF37AD8BF550E51FF075\MQL5\Include\Trade\Trade.mqh : information: including C:\Users\prita\AppData\Roaming\MetaQuotes\Terminal\D0E8209F77C8CF37AD8BF550E51FF075\MQL5\Include\Trade\PositionInfo.mqh
C:\Users\prita\AppData\Roaming\MetaQuotes\Terminal\D0E8209F77C8CF37AD8BF550E51FF075\MQL5\Include\Trade\Trade.mqh : information: including C:\Users\prita\AppData\Roaming\MetaQuotes\Terminal\D0E8209F77C8CF37AD8BF550E51FF075\MQL5\Include\Trade\DealInfo.mqh
 : information: generating code
 : information: generating code 3%
 : information: generating code 6%
 : information: generating code 9%
 : information: generating code 12%
 : information: generating code 15%
 : information: generating code 18%
 : information: generating code 21%
 : information: generating code 24%
 : information: generating code 27%
 : information: generating code 30%
 : information: generating code 33%
 : information: generating code 36%
 : information: generating code 39%
 : information: generating code 42%
 : information: generating code 45%
 : information: generating code 48%
 : information: generating code 51%
 : information: generating code 54%
 : information: generating code 57%
 : information: generating code 60%
 : information: generating code 63%
 : information: generating code 66%
 : information: generating code 69%
 : information: generating code 72%
 : information: generating code 75%
 : information: generating code 78%
 : information: generating code 81%
 : information: generating code 84%
 : information: generating code 87%
 : information: generating code 90%
 : information: generating code 93%
 : information: generating code 95%
 : information: generating code 100%
 : information: code generated
Result: 0 errors, 0 warnings, 560 ms elapsed, cpu='X64 Regular'
-----------------------
[compile] OK (warnings=0) -> C:\Users\prita\AppData\Roaming\MetaQuotes\Terminal\D0E8209F77C8CF37AD8BF550E51FF075\MQL5\Experts\CK_TREND_ATR_v1.ex5
[2] Window 'IS_build' (2025.08.28 to 2026.03.01)
[make_ini] window 'IS_build' -> C:\Users\prita\CK_GFT_Repo\experiments\sweep_trend_NZDUSD\windows\IS_build\IS_build.ini (pinned 11 inputs)
    launching MT5 tester (real ticks; first run may download ticks)...
    WARNING: OnTester CSV not produced for 'IS_build'
    note: no fresh tester log found for this run (stale logs skipped)
    window 'IS_build': csv=False trades=0 report=False
[2] Window 'OOS_build' (2026.03.01 to 2026.07.01)
[make_ini] window 'OOS_build' -> C:\Users\prita\CK_GFT_Repo\experiments\sweep_trend_NZDUSD\windows\OOS_build\OOS_build.ini (pinned 11 inputs)
    launching MT5 tester (real ticks; first run may download ticks)...
    WARNING: OnTester CSV not produced for 'OOS_build'
    note: no fresh tester log found for this run (stale logs skipped)
    window 'OOS_build': csv=False trades=0 report=False
[2] Window 'holdout' (2026.07.01 to 2026.08.28)
[make_ini] window 'holdout' -> C:\Users\prita\CK_GFT_Repo\experiments\sweep_trend_NZDUSD\windows\holdout\holdout.ini (pinned 11 inputs)
    launching MT5 tester (real ticks; first run may download ticks)...
    WARNING: OnTester CSV not produced for 'holdout'
    window 'holdout': csv=False trades=0 report=False

[done] report -> C:\Users\prita\CK_GFT_Repo\experiments\sweep_trend_NZDUSD\report.md
=== RUN sweep_trend_USDCAD ===
=== run_candidate: sweep_trend_USDCAD (EA=CK_TREND_ATR_v1) ===
[1] Compiling CK_TREND_ATR_v1 ...
[compile] source : C:\Users\prita\CK_GFT_Repo\CK_TREND_ATR_v1.mq5
[compile] deploy : C:\Users\prita\AppData\Roaming\MetaQuotes\Terminal\D0E8209F77C8CF37AD8BF550E51FF075\MQL5\Experts\CK_TREND_ATR_v1.mq5
----- compile log -----
C:\Users\prita\AppData\Roaming\MetaQuotes\Terminal\D0E8209F77C8CF37AD8BF550E51FF075\MQL5\Experts\CK_TREND_ATR_v1.mq5 : information: compiling C:\Users\prita\AppData\Roaming\MetaQuotes\Terminal\D0E8209F77C8CF37AD8BF550E51FF075\MQL5\Experts\CK_TREND_ATR_v1.mq5
C:\Users\prita\AppData\Roaming\MetaQuotes\Terminal\D0E8209F77C8CF37AD8BF550E51FF075\MQL5\Experts\CK_TREND_ATR_v1.mq5 : information: including C:\Users\prita\AppData\Roaming\MetaQuotes\Terminal\D0E8209F77C8CF37AD8BF550E51FF075\MQL5\Include\Trade\Trade.mqh
C:\Users\prita\AppData\Roaming\MetaQuotes\Terminal\D0E8209F77C8CF37AD8BF550E51FF075\MQL5\Include\Trade\Trade.mqh : information: including C:\Users\prita\AppData\Roaming\MetaQuotes\Terminal\D0E8209F77C8CF37AD8BF550E51FF075\MQL5\Include\Object.mqh
C:\Users\prita\AppData\Roaming\MetaQuotes\Terminal\D0E8209F77C8CF37AD8BF550E51FF075\MQL5\Include\Object.mqh : information: including C:\Users\prita\AppData\Roaming\MetaQuotes\Terminal\D0E8209F77C8CF37AD8BF550E51FF075\MQL5\Include\StdLibErr.mqh
C:\Users\prita\AppData\Roaming\MetaQuotes\Terminal\D0E8209F77C8CF37AD8BF550E51FF075\MQL5\Include\Trade\Trade.mqh : information: including C:\Users\prita\AppData\Roaming\MetaQuotes\Terminal\D0E8209F77C8CF37AD8BF550E51FF075\MQL5\Include\Trade\OrderInfo.mqh
C:\Users\prita\AppData\Roaming\MetaQuotes\Terminal\D0E8209F77C8CF37AD8BF550E51FF075\MQL5\Include\Trade\Trade.mqh : information: including C:\Users\prita\AppData\Roaming\MetaQuotes\Terminal\D0E8209F77C8CF37AD8BF550E51FF075\MQL5\Include\Trade\HistoryOrderInfo.mqh
C:\Users\prita\AppData\Roaming\MetaQuotes\Terminal\D0E8209F77C8CF37AD8BF550E51FF075\MQL5\Include\Trade\Trade.mqh : information: including C:\Users\prita\AppData\Roaming\MetaQuotes\Terminal\D0E8209F77C8CF37AD8BF550E51FF075\MQL5\Include\Trade\PositionInfo.mqh
C:\Users\prita\AppData\Roaming\MetaQuotes\Terminal\D0E8209F77C8CF37AD8BF550E51FF075\MQL5\Include\Trade\Trade.mqh : information: including C:\Users\prita\AppData\Roaming\MetaQuotes\Terminal\D0E8209F77C8CF37AD8BF550E51FF075\MQL5\Include\Trade\DealInfo.mqh
 : information: generating code
 : information: generating code 3%
 : information: generating code 6%
 : information: generating code 9%
 : information: generating code 12%
 : information: generating code 15%
 : information: generating code 18%
 : information: generating code 21%
 : information: generating code 24%
 : information: generating code 27%
 : information: generating code 30%
 : information: generating code 33%
 : information: generating code 36%
 : information: generating code 39%
 : information: generating code 42%
 : information: generating code 45%
 : information: generating code 48%
 : information: generating code 51%
 : information: generating code 54%
 : information: generating code 57%
 : information: generating code 60%
 : information: generating code 63%
 : information: generating code 66%
 : information: generating code 69%
 : information: generating code 72%
 : information: generating code 75%
 : information: generating code 78%
 : information: generating code 81%
 : information: generating code 84%
 : information: generating code 87%
 : information: generating code 90%
 : information: generating code 93%
 : information: generating code 95%
 : information: generating code 100%
 : information: code generated
Result: 0 errors, 0 warnings, 539 ms elapsed, cpu='X64 Regular'
-----------------------
[compile] OK (warnings=0) -> C:\Users\prita\AppData\Roaming\MetaQuotes\Terminal\D0E8209F77C8CF37AD8BF550E51FF075\MQL5\Experts\CK_TREND_ATR_v1.ex5
[2] Window 'IS_build' (2025.08.28 to 2026.03.01)
[make_ini] window 'IS_build' -> C:\Users\prita\CK_GFT_Repo\experiments\sweep_trend_USDCAD\windows\IS_build\IS_build.ini (pinned 11 inputs)
    launching MT5 tester (real ticks; first run may download ticks)...
    WARNING: OnTester CSV not produced for 'IS_build'
    window 'IS_build': csv=False trades=0 report=False
[2] Window 'OOS_build' (2026.03.01 to 2026.07.01)
[make_ini] window 'OOS_build' -> C:\Users\prita\CK_GFT_Repo\experiments\sweep_trend_USDCAD\windows\OOS_build\OOS_build.ini (pinned 11 inputs)
    launching MT5 tester (real ticks; first run may download ticks)...
    WARNING: OnTester CSV not produced for 'OOS_build'
    note: no fresh tester log found for this run (stale logs skipped)
    window 'OOS_build': csv=False trades=0 report=False
[2] Window 'holdout' (2026.07.01 to 2026.08.28)
[make_ini] window 'holdout' -> C:\Users\prita\CK_GFT_Repo\experiments\sweep_trend_USDCAD\windows\holdout\holdout.ini (pinned 11 inputs)
    launching MT5 tester (real ticks; first run may download ticks)...
    WARNING: OnTester CSV not produced for 'holdout'
    window 'holdout': csv=False trades=0 report=False

[done] report -> C:\Users\prita\CK_GFT_Repo\experiments\sweep_trend_USDCAD\report.md
=== RUN sweep_trend_USDCHF ===
=== run_candidate: sweep_trend_USDCHF (EA=CK_TREND_ATR_v1) ===
[1] Compiling CK_TREND_ATR_v1 ...
[compile] source : C:\Users\prita\CK_GFT_Repo\CK_TREND_ATR_v1.mq5
[compile] deploy : C:\Users\prita\AppData\Roaming\MetaQuotes\Terminal\D0E8209F77C8CF37AD8BF550E51FF075\MQL5\Experts\CK_TREND_ATR_v1.mq5
----- compile log -----
C:\Users\prita\AppData\Roaming\MetaQuotes\Terminal\D0E8209F77C8CF37AD8BF550E51FF075\MQL5\Experts\CK_TREND_ATR_v1.mq5 : information: compiling C:\Users\prita\AppData\Roaming\MetaQuotes\Terminal\D0E8209F77C8CF37AD8BF550E51FF075\MQL5\Experts\CK_TREND_ATR_v1.mq5
C:\Users\prita\AppData\Roaming\MetaQuotes\Terminal\D0E8209F77C8CF37AD8BF550E51FF075\MQL5\Experts\CK_TREND_ATR_v1.mq5 : information: including C:\Users\prita\AppData\Roaming\MetaQuotes\Terminal\D0E8209F77C8CF37AD8BF550E51FF075\MQL5\Include\Trade\Trade.mqh
C:\Users\prita\AppData\Roaming\MetaQuotes\Terminal\D0E8209F77C8CF37AD8BF550E51FF075\MQL5\Include\Trade\Trade.mqh : information: including C:\Users\prita\AppData\Roaming\MetaQuotes\Terminal\D0E8209F77C8CF37AD8BF550E51FF075\MQL5\Include\Object.mqh
C:\Users\prita\AppData\Roaming\MetaQuotes\Terminal\D0E8209F77C8CF37AD8BF550E51FF075\MQL5\Include\Object.mqh : information: including C:\Users\prita\AppData\Roaming\MetaQuotes\Terminal\D0E8209F77C8CF37AD8BF550E51FF075\MQL5\Include\StdLibErr.mqh
C:\Users\prita\AppData\Roaming\MetaQuotes\Terminal\D0E8209F77C8CF37AD8BF550E51FF075\MQL5\Include\Trade\Trade.mqh : information: including C:\Users\prita\AppData\Roaming\MetaQuotes\Terminal\D0E8209F77C8CF37AD8BF550E51FF075\MQL5\Include\Trade\OrderInfo.mqh
C:\Users\prita\AppData\Roaming\MetaQuotes\Terminal\D0E8209F77C8CF37AD8BF550E51FF075\MQL5\Include\Trade\Trade.mqh : information: including C:\Users\prita\AppData\Roaming\MetaQuotes\Terminal\D0E8209F77C8CF37AD8BF550E51FF075\MQL5\Include\Trade\HistoryOrderInfo.mqh
C:\Users\prita\AppData\Roaming\MetaQuotes\Terminal\D0E8209F77C8CF37AD8BF550E51FF075\MQL5\Include\Trade\Trade.mqh : information: including C:\Users\prita\AppData\Roaming\MetaQuotes\Terminal\D0E8209F77C8CF37AD8BF550E51FF075\MQL5\Include\Trade\PositionInfo.mqh
C:\Users\prita\AppData\Roaming\MetaQuotes\Terminal\D0E8209F77C8CF37AD8BF550E51FF075\MQL5\Include\Trade\Trade.mqh : information: including C:\Users\prita\AppData\Roaming\MetaQuotes\Terminal\D0E8209F77C8CF37AD8BF550E51FF075\MQL5\Include\Trade\DealInfo.mqh
 : information: generating code
 : information: generating code 3%
 : information: generating code 6%
 : information: generating code 9%
 : information: generating code 12%
 : information: generating code 15%
 : information: generating code 18%
 : information: generating code 21%
 : information: generating code 24%
 : information: generating code 27%
 : information: generating code 30%
 : information: generating code 33%
 : information: generating code 36%
 : information: generating code 39%
 : information: generating code 42%
 : information: generating code 45%
 : information: generating code 48%
 : information: generating code 51%
 : information: generating code 54%
 : information: generating code 57%
 : information: generating code 60%
 : information: generating code 63%
 : information: generating code 66%
 : information: generating code 69%
 : information: generating code 72%
 : information: generating code 75%
 : information: generating code 78%
 : information: generating code 81%
 : information: generating code 84%
 : information: generating code 87%
 : information: generating code 90%
 : information: generating code 93%
 : information: generating code 95%
 : information: generating code 100%
 : information: code generated
Result: 0 errors, 0 warnings, 555 ms elapsed, cpu='X64 Regular'
-----------------------
[compile] OK (warnings=0) -> C:\Users\prita\AppData\Roaming\MetaQuotes\Terminal\D0E8209F77C8CF37AD8BF550E51FF075\MQL5\Experts\CK_TREND_ATR_v1.ex5
[2] Window 'IS_build' (2025.08.28 to 2026.03.01)
[make_ini] window 'IS_build' -> C:\Users\prita\CK_GFT_Repo\experiments\sweep_trend_USDCHF\windows\IS_build\IS_build.ini (pinned 11 inputs)
    launching MT5 tester (real ticks; first run may download ticks)...
    WARNING: OnTester CSV not produced for 'IS_build'
    note: no fresh tester log found for this run (stale logs skipped)
    window 'IS_build': csv=False trades=0 report=False
[2] Window 'OOS_build' (2026.03.01 to 2026.07.01)
[make_ini] window 'OOS_build' -> C:\Users\prita\CK_GFT_Repo\experiments\sweep_trend_USDCHF\windows\OOS_build\OOS_build.ini (pinned 11 inputs)
    launching MT5 tester (real ticks; first run may download ticks)...
    WARNING: OnTester CSV not produced for 'OOS_build'
    note: no fresh tester log found for this run (stale logs skipped)
    window 'OOS_build': csv=False trades=0 report=False
[2] Window 'holdout' (2026.07.01 to 2026.08.28)
[make_ini] window 'holdout' -> C:\Users\prita\CK_GFT_Repo\experiments\sweep_trend_USDCHF\windows\holdout\holdout.ini (pinned 11 inputs)
    launching MT5 tester (real ticks; first run may download ticks)...
    WARNING: OnTester CSV not produced for 'holdout'
    note: no fresh tester log found for this run (stale logs skipped)
    window 'holdout': csv=False trades=0 report=False

[done] report -> C:\Users\prita\CK_GFT_Repo\experiments\sweep_trend_USDCHF\report.md
=== RUN sweep_trend_USDCNH ===
=== run_candidate: sweep_trend_USDCNH (EA=CK_TREND_ATR_v1) ===
[1] Compiling CK_TREND_ATR_v1 ...
[compile] source : C:\Users\prita\CK_GFT_Repo\CK_TREND_ATR_v1.mq5
[compile] deploy : C:\Users\prita\AppData\Roaming\MetaQuotes\Terminal\D0E8209F77C8CF37AD8BF550E51FF075\MQL5\Experts\CK_TREND_ATR_v1.mq5
----- compile log -----
C:\Users\prita\AppData\Roaming\MetaQuotes\Terminal\D0E8209F77C8CF37AD8BF550E51FF075\MQL5\Experts\CK_TREND_ATR_v1.mq5 : information: compiling C:\Users\prita\AppData\Roaming\MetaQuotes\Terminal\D0E8209F77C8CF37AD8BF550E51FF075\MQL5\Experts\CK_TREND_ATR_v1.mq5
C:\Users\prita\AppData\Roaming\MetaQuotes\Terminal\D0E8209F77C8CF37AD8BF550E51FF075\MQL5\Experts\CK_TREND_ATR_v1.mq5 : information: including C:\Users\prita\AppData\Roaming\MetaQuotes\Terminal\D0E8209F77C8CF37AD8BF550E51FF075\MQL5\Include\Trade\Trade.mqh
C:\Users\prita\AppData\Roaming\MetaQuotes\Terminal\D0E8209F77C8CF37AD8BF550E51FF075\MQL5\Include\Trade\Trade.mqh : information: including C:\Users\prita\AppData\Roaming\MetaQuotes\Terminal\D0E8209F77C8CF37AD8BF550E51FF075\MQL5\Include\Object.mqh
C:\Users\prita\AppData\Roaming\MetaQuotes\Terminal\D0E8209F77C8CF37AD8BF550E51FF075\MQL5\Include\Object.mqh : information: including C:\Users\prita\AppData\Roaming\MetaQuotes\Terminal\D0E8209F77C8CF37AD8BF550E51FF075\MQL5\Include\StdLibErr.mqh
C:\Users\prita\AppData\Roaming\MetaQuotes\Terminal\D0E8209F77C8CF37AD8BF550E51FF075\MQL5\Include\Trade\Trade.mqh : information: including C:\Users\prita\AppData\Roaming\MetaQuotes\Terminal\D0E8209F77C8CF37AD8BF550E51FF075\MQL5\Include\Trade\OrderInfo.mqh
C:\Users\prita\AppData\Roaming\MetaQuotes\Terminal\D0E8209F77C8CF37AD8BF550E51FF075\MQL5\Include\Trade\Trade.mqh : information: including C:\Users\prita\AppData\Roaming\MetaQuotes\Terminal\D0E8209F77C8CF37AD8BF550E51FF075\MQL5\Include\Trade\HistoryOrderInfo.mqh
C:\Users\prita\AppData\Roaming\MetaQuotes\Terminal\D0E8209F77C8CF37AD8BF550E51FF075\MQL5\Include\Trade\Trade.mqh : information: including C:\Users\prita\AppData\Roaming\MetaQuotes\Terminal\D0E8209F77C8CF37AD8BF550E51FF075\MQL5\Include\Trade\PositionInfo.mqh
C:\Users\prita\AppData\Roaming\MetaQuotes\Terminal\D0E8209F77C8CF37AD8BF550E51FF075\MQL5\Include\Trade\Trade.mqh : information: including C:\Users\prita\AppData\Roaming\MetaQuotes\Terminal\D0E8209F77C8CF37AD8BF550E51FF075\MQL5\Include\Trade\DealInfo.mqh
 : information: generating code
 : information: generating code 3%
 : information: generating code 6%
 : information: generating code 9%
 : information: generating code 12%
 : information: generating code 15%
 : information: generating code 18%
 : information: generating code 21%
 : information: generating code 24%
 : information: generating code 27%
 : information: generating code 30%
 : information: generating code 33%
 : information: generating code 36%
 : information: generating code 39%
 : information: generating code 42%
 : information: generating code 45%
 : information: generating code 48%
 : information: generating code 51%
 : information: generating code 54%
 : information: generating code 57%
 : information: generating code 60%
 : information: generating code 63%
 : information: generating code 66%
 : information: generating code 69%
 : information: generating code 72%
 : information: generating code 75%
 : information: generating code 78%
 : information: generating code 81%
 : information: generating code 84%
 : information: generating code 87%
 : information: generating code 90%
 : information: generating code 93%
 : information: generating code 95%
 : information: generating code 100%
 : information: code generated
Result: 0 errors, 0 warnings, 557 ms elapsed, cpu='X64 Regular'
-----------------------
[compile] OK (warnings=0) -> C:\Users\prita\AppData\Roaming\MetaQuotes\Terminal\D0E8209F77C8CF37AD8BF550E51FF075\MQL5\Experts\CK_TREND_ATR_v1.ex5
[2] Window 'IS_build' (2025.08.28 to 2026.03.01)
[make_ini] window 'IS_build' -> C:\Users\prita\CK_GFT_Repo\experiments\sweep_trend_USDCNH\windows\IS_build\IS_build.ini (pinned 11 inputs)
    launching MT5 tester (real ticks; first run may download ticks)...
    WARNING: OnTester CSV not produced for 'IS_build'
    note: no fresh tester log found for this run (stale logs skipped)
    window 'IS_build': csv=False trades=0 report=False
[2] Window 'OOS_build' (2026.03.01 to 2026.07.01)
[make_ini] window 'OOS_build' -> C:\Users\prita\CK_GFT_Repo\experiments\sweep_trend_USDCNH\windows\OOS_build\OOS_build.ini (pinned 11 inputs)
    launching MT5 tester (real ticks; first run may download ticks)...
    WARNING: OnTester CSV not produced for 'OOS_build'
    note: no fresh tester log found for this run (stale logs skipped)
    window 'OOS_build': csv=False trades=0 report=False
[2] Window 'holdout' (2026.07.01 to 2026.08.28)
[make_ini] window 'holdout' -> C:\Users\prita\CK_GFT_Repo\experiments\sweep_trend_USDCNH\windows\holdout\holdout.ini (pinned 11 inputs)
    launching MT5 tester (real ticks; first run may download ticks)...
    WARNING: OnTester CSV not produced for 'holdout'
    window 'holdout': csv=False trades=0 report=False

[done] report -> C:\Users\prita\CK_GFT_Repo\experiments\sweep_trend_USDCNH\report.md
=== RUN sweep_trend_USDJPY ===
=== run_candidate: sweep_trend_USDJPY (EA=CK_TREND_ATR_v1) ===
[1] Compiling CK_TREND_ATR_v1 ...
[compile] source : C:\Users\prita\CK_GFT_Repo\CK_TREND_ATR_v1.mq5
[compile] deploy : C:\Users\prita\AppData\Roaming\MetaQuotes\Terminal\D0E8209F77C8CF37AD8BF550E51FF075\MQL5\Experts\CK_TREND_ATR_v1.mq5
----- compile log -----
C:\Users\prita\AppData\Roaming\MetaQuotes\Terminal\D0E8209F77C8CF37AD8BF550E51FF075\MQL5\Experts\CK_TREND_ATR_v1.mq5 : information: compiling C:\Users\prita\AppData\Roaming\MetaQuotes\Terminal\D0E8209F77C8CF37AD8BF550E51FF075\MQL5\Experts\CK_TREND_ATR_v1.mq5
C:\Users\prita\AppData\Roaming\MetaQuotes\Terminal\D0E8209F77C8CF37AD8BF550E51FF075\MQL5\Experts\CK_TREND_ATR_v1.mq5 : information: including C:\Users\prita\AppData\Roaming\MetaQuotes\Terminal\D0E8209F77C8CF37AD8BF550E51FF075\MQL5\Include\Trade\Trade.mqh
C:\Users\prita\AppData\Roaming\MetaQuotes\Terminal\D0E8209F77C8CF37AD8BF550E51FF075\MQL5\Include\Trade\Trade.mqh : information: including C:\Users\prita\AppData\Roaming\MetaQuotes\Terminal\D0E8209F77C8CF37AD8BF550E51FF075\MQL5\Include\Object.mqh
C:\Users\prita\AppData\Roaming\MetaQuotes\Terminal\D0E8209F77C8CF37AD8BF550E51FF075\MQL5\Include\Object.mqh : information: including C:\Users\prita\AppData\Roaming\MetaQuotes\Terminal\D0E8209F77C8CF37AD8BF550E51FF075\MQL5\Include\StdLibErr.mqh
C:\Users\prita\AppData\Roaming\MetaQuotes\Terminal\D0E8209F77C8CF37AD8BF550E51FF075\MQL5\Include\Trade\Trade.mqh : information: including C:\Users\prita\AppData\Roaming\MetaQuotes\Terminal\D0E8209F77C8CF37AD8BF550E51FF075\MQL5\Include\Trade\OrderInfo.mqh
C:\Users\prita\AppData\Roaming\MetaQuotes\Terminal\D0E8209F77C8CF37AD8BF550E51FF075\MQL5\Include\Trade\Trade.mqh : information: including C:\Users\prita\AppData\Roaming\MetaQuotes\Terminal\D0E8209F77C8CF37AD8BF550E51FF075\MQL5\Include\Trade\HistoryOrderInfo.mqh
C:\Users\prita\AppData\Roaming\MetaQuotes\Terminal\D0E8209F77C8CF37AD8BF550E51FF075\MQL5\Include\Trade\Trade.mqh : information: including C:\Users\prita\AppData\Roaming\MetaQuotes\Terminal\D0E8209F77C8CF37AD8BF550E51FF075\MQL5\Include\Trade\PositionInfo.mqh
C:\Users\prita\AppData\Roaming\MetaQuotes\Terminal\D0E8209F77C8CF37AD8BF550E51FF075\MQL5\Include\Trade\Trade.mqh : information: including C:\Users\prita\AppData\Roaming\MetaQuotes\Terminal\D0E8209F77C8CF37AD8BF550E51FF075\MQL5\Include\Trade\DealInfo.mqh
 : information: generating code
 : information: generating code 3%
 : information: generating code 6%
 : information: generating code 9%
 : information: generating code 12%
 : information: generating code 15%
 : information: generating code 18%
 : information: generating code 21%
 : information: generating code 24%
 : information: generating code 27%
 : information: generating code 30%
 : information: generating code 33%
 : information: generating code 36%
 : information: generating code 39%
 : information: generating code 42%
 : information: generating code 45%
 : information: generating code 48%
 : information: generating code 51%
 : information: generating code 54%
 : information: generating code 57%
 : information: generating code 60%
 : information: generating code 63%
 : information: generating code 66%
 : information: generating code 69%
 : information: generating code 72%
 : information: generating code 75%
 : information: generating code 78%
 : information: generating code 81%
 : information: generating code 84%
 : information: generating code 87%
 : information: generating code 90%
 : information: generating code 93%
 : information: generating code 95%
 : information: generating code 100%
 : information: code generated
Result: 0 errors, 0 warnings, 558 ms elapsed, cpu='X64 Regular'
-----------------------
[compile] OK (warnings=0) -> C:\Users\prita\AppData\Roaming\MetaQuotes\Terminal\D0E8209F77C8CF37AD8BF550E51FF075\MQL5\Experts\CK_TREND_ATR_v1.ex5
[2] Window 'IS_build' (2025.08.28 to 2026.03.01)
[make_ini] window 'IS_build' -> C:\Users\prita\CK_GFT_Repo\experiments\sweep_trend_USDJPY\windows\IS_build\IS_build.ini (pinned 11 inputs)
    launching MT5 tester (real ticks; first run may download ticks)...
    WARNING: OnTester CSV not produced for 'IS_build'
    note: no fresh tester log found for this run (stale logs skipped)
    window 'IS_build': csv=False trades=0 report=False
[2] Window 'OOS_build' (2026.03.01 to 2026.07.01)
[make_ini] window 'OOS_build' -> C:\Users\prita\CK_GFT_Repo\experiments\sweep_trend_USDJPY\windows\OOS_build\OOS_build.ini (pinned 11 inputs)
    launching MT5 tester (real ticks; first run may download ticks)...
